[my-cardlysupply.com/index.html]
[backblue.gif]
[fade.gif]
[index.html]
[my-cardlysupply.com/wp-content/cache/wpo-minify/1699995239/assets/wpo-minify-header-434d164f.min.js]
[my-cardlysupply.com/feed/index.html]
[my-cardlysupply.com/comments/feed/index.html]
[my-cardlysupply.com/wp-json/index.html]
[my-cardlysupply.com/wp-json/wp/v2/pages/79.json]
[my-cardlysupply.com/xmlrpc0db0.php]
[my-cardlysupply.com/wp-json/oembed/1.0/embed7881.json]
[my-cardlysupply.com/wp-json/oembed/1.0/embed9ab1]
[my-cardlysupply.com/wp-content/uploads/2023/02/cropped-logo.png-32x32.webp]
[my-cardlysupply.com/wp-content/uploads/2023/02/cropped-logo.png-192x192.webp]
[my-cardlysupply.com/wp-content/uploads/2023/02/cropped-logo.png-180x180.webp]
[my-cardlysupply.com/wp-content/uploads/2023/02/btn-mobile.jpg]
[cdnjs.cloudflare.com/ajax/libs/font-awesome/6.3.0/css/all.min.css]
[my-cardlysupply.com/wp-content/uploads/2023/02/Joker.png]
[my-cardlysupply.com/wp-content/uploads/2023/02/Apple-1.png]
[my-cardlysupply.com/wp-content/uploads/2023/02/WM_Vanilla_GO_Shop.png]
[my-cardlysupply.com/wp-content/uploads/2023/02/stream3-2.jpg]
[my-cardlysupply.com/wp-content/uploads/2023/02/Google-Play-removebg-preview-1-1.png]
[my-cardlysupply.com/wp-content/uploads/2023/02/VV_Ocassion_ShowerUmbrella_20_200.png]
[my-cardlysupply.com/wp-content/uploads/2023/02/stream3-2-1.jpg]
[my-cardlysupply.com/wp-content/uploads/2023/02/VMC_Walmart_Youthful_20_500.png]
[my-cardlysupply.com/wp-content/uploads/2023/02/VMC_Lotus_Bow_Purple_25.png]
[my-cardlysupply.com/wp-content/uploads/2023/02/Apple-1-1.png]
[my-cardlysupply.com/wp-content/uploads/2023/02/AA-stam-1.png]
[my-cardlysupply.com/wp-content/uploads/2023/02/VMC_Sheer_Bow_Green_200.png]
[my-cardlysupply.com/wp-content/uploads/2023/02/Google-Play-removebg-preview-1-1-1.png]
[my-cardlysupply.com/wp-content/uploads/2023/02/VMC_Walmart_HaveFun_20_500.png]
[my-cardlysupply.com/wp-content/uploads/2023/02/VMC_Walmart_Love_20_500.png]
[my-cardlysupply.com/wp-content/uploads/2023/02/Stream1-1.png]
[my-cardlysupply.com/wp-content/uploads/2023/02/amazon.png]
[my-cardlysupply.com/wp-content/uploads/2023/02/Stream1-1-1.png]
[my-cardlysupply.com/wp-content/uploads/2023/02/VMC_Walmart_Sams_HappyBirthday_20_500.png]
[my-cardlysupply.com/wp-content/uploads/2023/02/AA-stam-1-1.png]
[my-cardlysupply.com/wp-content/uploads/2023/02/amazon-1.png]
[my-cardlysupply.com/wp-content/uploads/2023/02/IMG-20220409-WA0028.jpg]
[my-cardlysupply.com/wp-content/uploads/2023/02/IMG-20220409-WA0029.jpg]
[my-cardlysupply.com/wp-content/uploads/2023/02/IMG-20220409-WA0031.jpg]
[my-cardlysupply.com/wp-content/uploads/2023/02/IMG-20220409-WA0039.jpg]
[my-cardlysupply.com/wp-content/uploads/2023/02/IMG-20220409-WA0041.jpg]
[my-cardlysupply.com/wp-content/uploads/2023/02/IMG-20220409-WA0032.jpg]
[my-cardlysupply.com/wp-content/uploads/2023/02/IMG-20220409-WA0040.jpg]
[my-cardlysupply.com/wp-content/uploads/2023/02/WM_YouRock_Var.png]
[my-cardlysupply.com/wp-content/uploads/2023/02/VMC_JewelBox_Royal_100.png]
[my-cardlysupply.com/wp-content/cache/wpo-minify/1699995239/assets/wpo-minify-footer-5ca979b1.min.js]
[my-cardlysupply.com/wp-content/cache/wpo-minify/1699995239/assets/wpo-minify-footer-07451975.min.js]
[my-cardlysupply.com/wp-content/cache/wpo-minify/1699995239/assets/wpo-minify-footer-3a351649.min.js]
[my-cardlysupply.com/index.html]
[my-cardlysupply.com/wp-content/plugins/elementor/assets/lib/eicons/fonts/eicons.eot]
[my-cardlysupply.com/wp-includes/fonts/dashicons.eot]
[my-cardlysupply.com/wp-content/uploads/2023/02/PngItem_1864328-2.png]
[my-cardlysupply.com/wp-content/plugins/elementor/assets/lib/font-awesome/webfonts/fa-regular-400.eot]
[my-cardlysupply.com/wp-content/plugins/elementor/assets/lib/font-awesome/webfonts/fa-brands-400.eot]
[my-cardlysupply.com/wp-content/cache/wpo-minify/1699995239/assets/wpo-minify-header-58678563.min.css]
[fonts.gstatic.com/index.html]
[cdnjs.cloudflare.com/ajax/libs/font-awesome/6.3.0/css/all.min.css]
[my-cardlysupply.com/wp-content/plugins/elementor/assets/lib/font-awesome/webfonts/fa-solid-900.eot]
[my-cardlysupply.com/wp-content/cache/wpo-minify/1699995239/assets/wpo-minify-footer-20313349.min.css]
